........................................................................ [  6%]
........................................................................ [ 12%]
........................................................................ [ 18%]
........................................................................ [ 24%]
........................................................................ [ 30%]
........................................................................ [ 36%]
........................................................................ [ 42%]
........................................................................ [ 48%]
........................................................................ [ 54%]
........................................................................ [ 60%]
........................................................................ [ 66%]
........................................................................ [ 72%]
........................................................................ [ 78%]
........................................................................ [ 84%]
........................................................................ [ 90%]
........................................................................ [ 96%]
....................................                                     [100%]
=============================== warnings summary ===============================
../../.venv-reference/lib/python3.12/site-packages/torch/cuda/__init__.py:64
  /home/zhaosiying/cutedsl-fully-opensourced/.venv-reference/lib/python3.12/site-packages/torch/cuda/__init__.py:64: FutureWarning: The pynvml package is deprecated. Please install nvidia-ml-py instead. If you did not install pynvml directly, please report this to the maintainers of the package that installed pynvml for you.
    import pynvml  # type: ignore[import]

tests/conftest.py:16
tests/conftest.py:16
  /home/zhaosiying/cutedsl-fully-opensourced/third_party/flashinfer-src/tests/conftest.py:16: DeprecationWarning: tcgen05.OperandMajorMode is deprecated, use cute.nvgpu.OperandMajorMode instead
    from cutlass.cute.nvgpu.tcgen05 import OperandMajorMode

-- Docs: https://docs.pytest.org/en/stable/how-to/capture-warnings.html
1188 passed, 3 warnings in 22.96s
